// Jest Snapshot v1, https://goo.gl/fbAQLP

exports[`renders components 1`] = `
Object {
  "asFragment": [Function],
}
`;
