// Jest Snapshot v1, https://goo.gl/fbAQLP

exports[`renders property card 1`] = `
Object {
  "asFragment": [Function],
}
`;
